// Jest Snapshot v1, https://goo.gl/fbAQLP

exports[`test DraggableListPlacemark component snapshot 1`] = `
<Styled(div)>
  <sortableList
    axis="y"
    deleteMark={[Function]}
    distance={5}
    getHelperDimensions={[Function]}
    helperClass="css-16v6gnb"
    hideSortableGhost={true}
    items={
      Array [
        Object {
          "coordinates": Array [
            55.796702547976345,
            37.782572021483865,
          ],
          "id": 111,
          "name": "Это метка1",
        },
        Object {
          "coordinates": Array [
            55.67938453142209,
            37.47520507812455,
          ],
          "id": 222,
          "name": "Это метка2",
        },
        Object {
          "coordinates": Array [
            55.84690514362938,
            37.62353544921852,
          ],
          "id": 333,
          "name": "Это метка3",
        },
        Object {
          "coordinates": Array [
            55.68559165521214,
            37.764969482421186,
          ],
          "id": 444,
          "name": "Это метка4",
        },
        Object {
          "coordinates": Array [
            55.79328258155638,
            37.46009887695268,
          ],
          "id": 555,
          "name": "Это метка5",
        },
        Object {
          "coordinates": Array [
            55.795603556125,
            37.78007568359225,
          ],
          "id": 666,
          "name": "Это метка6",
        },
      ]
    }
    lockAxis="y"
    lockOffset="50%"
    lockToContainerEdges={false}
    onSortEnd={[Function]}
    pressDelay={0}
    pressThreshold={5}
    shouldCancelStart={[Function]}
    submit={[Function]}
    transitionDuration={300}
    useWindowAsScrollContainer={false}
  />
</Styled(div)>
`;
